3>D:\hgh\devel\repos\github\hghpublic\andi75-gltron\libvorbis\lib\bitrate.c(135,12): warning C4244: '=': conversion from 'double' to 'int', possible loss of data
3>D:\hgh\devel\repos\github\hghpublic\andi75-gltron\libvorbis\lib\bitrate.c(83,15): warning C4244: 'initializing': conversion from 'double' to 'int', possible loss of data
3>D:\hgh\devel\repos\github\hghpublic\andi75-gltron\libvorbis\lib\bitrate.c(88,39): warning C4244: 'initializing': conversion from 'double' to 'long', possible loss of data
3>Generating Code...
5>munitrk.c
12>atmosphere.c
11>D:\hgh\devel\repos\github\hghpublic\andi75-gltron\GLtron\lua5\ldebug.c(111,9): warning C4068: unknown pragma 'GCC'
11>D:\hgh\devel\repos\github\hghpublic\andi75-gltron\GLtron\lua5\ldebug.c(113,19): warning C4244: '=': conversion from '__int64' to 'int', possible loss of data
11>D:\hgh\devel\repos\github\hghpublic\andi75-gltron\GLtron\lua5\ldebug.c(522,46): warning C4244: 'function': conversion from '__int64' to 'int', possible loss of data
11>ldo.c
12>background.c
11>D:\hgh\devel\repos\github\hghpublic\andi75-gltron\GLtron\lua5\ldo.c(95,9): warning C4068: unknown pragma 'GCC'
11>D:\hgh\devel\repos\github\hghpublic\andi75-gltron\GLtron\lua5\ldo.c(100,24): warning C4244: 'initializing': conversion from '__int64' to 'int', possible loss of data
11>D:\hgh\devel\repos\github\hghpublic\andi75-gltron\GLtron\lua5\ldo.c(171,23): warning C4244: '=': conversion from '__int64' to 'int', possible loss of data
11>D:\hgh\devel\repos\github\hghpublic\andi75-gltron\GLtron\lua5\ldo.c(190,23): warning C4244: 'initializing': conversion from '__int64' to 'int', possible loss of data
11>ldump.c
2>SDL_blendpoint.c
11>lfunc.c
11>lgc.c
12>D:\hgh\devel\repos\github\hghpublic\andi75-gltron\GLtron\lib3ds\background.c(209,15): warning C4267: '=': conversion from 'size_t' to 'Lib3dsDword', possible loss of data
12>camera.c
11>D:\hgh\devel\repos\github\hghpublic\andi75-gltron\GLtron\lua5\lgc.c(229,9): warning C4068: unknown pragma 'GCC'
11>D:\hgh\devel\repos\github\hghpublic\andi75-gltron\GLtron\lua5\lgc.c(236,14): warning C4244: '=': conversion from '__int64' to 'int', possible loss of data
11>D:\hgh\devel\repos\github\hghpublic\andi75-gltron\GLtron\lua5\lgc.c(232,20): warning C4244: 'initializing': conversion from '__int64' to 'int', possible loss of data
2>SDL_blit.c
11>D:\hgh\devel\repos\github\hghpublic\andi75-gltron\GLtron\lua5\lgc.c(360,7): warning C4267: 'function': conversion from 'size_t' to 'lu_mem', possible loss of data
11>D:\hgh\devel\repos\github\hghpublic\andi75-gltron\GLtron\lua5\lgc.c(404,39): warning C4267: '=': conversion from 'size_t' to 'lu_mem', possible loss of data
11>lauxlib.c
12>chunk.c
3>Compiling...
5>D:\hgh\devel\repos\github\hghpublic\andi75-gltron\libmikmod\playercode\munitrk.c(267,20): warning C4244: '=': conversion from 'UWORD' to 'UBYTE', possible loss of data
5>mplayer.c
12>ease.c
3>analysis.c
11>lbaselib.c
2>SDL_blit_0.c
10>pngmem.c
3>Generating Code...
12>file.c
11>ldblib.c
11>liolib.c
12>D:\hgh\devel\repos\github\hghpublic\andi75-gltron\GLtron\lib3ds\file.c(86,9): warning C4068: unknown pragma 'GCC'
2>SDL_blit_1.c
11>D:\hgh\devel\repos\github\hghpublic\andi75-gltron\GLtron\lua5\lib\liolib.c(669,23): warning C4244: 'function': conversion from 'time_t' to 'lua_Number', possible loss of data
11>D:\hgh\devel\repos\github\hghpublic\andi75-gltron\GLtron\lua5\lib\liolib.c(686,25): warning C4244: 'function': conversion from 'time_t' to 'lua_Number', possible loss of data
11>lmathlib.c
4>fixed_intrin_sse2.c
6>load_dbm.cpp
12>D:\hgh\devel\repos\github\hghpublic\andi75-gltron\GLtron\lib3ds\file.c(92,10): warning C4267: 'return': conversion from 'size_t' to 'int', possible loss of data
12>D:\hgh\devel\repos\github\hghpublic\andi75-gltron\GLtron\lib3ds\file.c(100,10): warning C4267: 'return': conversion from 'size_t' to 'int', possible loss of data
12>D:\hgh\devel\repos\github\hghpublic\andi75-gltron\GLtron\lib3ds\file.c(920,41): warning C4267: '=': conversion from 'size_t' to 'Lib3dsDword', possible loss of data
12>float.c
2>SDL_blit_A.c
11>loadlib.c
5>D:\hgh\devel\repos\github\hghpublic\andi75-gltron\libmikmod\playercode\mplayer.c(235,25): warning C4244: 'return': conversion from 'double' to 'int', possible loss of data
5>D:\hgh\devel\repos\github\hghpublic\andi75-gltron\libmikmod\playercode\mplayer.c(251,12): warning C4018: '<': signed/unsigned mismatch
12>io.c
12>light.c
5>D:\hgh\devel\repos\github\hghpublic\andi75-gltron\libmikmod\playercode\mplayer.c(254,29): warning C4244: 'function': conversion from 'ULONG' to 'SBYTE', possible loss of data
5>D:\hgh\devel\repos\github\hghpublic\andi75-gltron\libmikmod\playercode\mplayer.c(258,12): warning C4018: '<': signed/unsigned mismatch
5>D:\hgh\devel\repos\github\hghpublic\andi75-gltron\libmikmod\playercode\mplayer.c(289,43): warning C4244: '=': conversion from 'unsigned long' to 'UWORD', possible loss of data
5>D:\hgh\devel\repos\github\hghpublic\andi75-gltron\libmikmod\playercode\mplayer.c(306,26): warning C4244: 'function': conversion from 'ULONG' to 'SWORD', possible loss of data
5>D:\hgh\devel\repos\github\hghpublic\andi75-gltron\libmikmod\playercode\mplayer.c(323,42): warning C4244: 'return': conversion from 'unsigned long' to 'UWORD', possible loss of data
5>D:\hgh\devel\repos\github\hghpublic\andi75-gltron\libmikmod\playercode\mplayer.c(404,8): warning C4244: '=': conversion from 'UWORD' to 'UBYTE', possible loss of data
5>D:\hgh\devel\repos\github\hghpublic\andi75-gltron\libmikmod\playercode\mplayer.c(405,8): warning C4244: '=': conversion from 'UWORD' to 'UBYTE', possible loss of data
5>D:\hgh\devel\repos\github\hghpublic\andi75-gltron\libmikmod\playercode\mplayer.c(789,34): warning C4018: '>': signed/unsigned mismatch
5>D:\hgh\devel\repos\github\hghpublic\andi75-gltron\libmikmod\playercode\mplayer.c(875,20): warning C4244: '=': conversion from 'UWORD' to 'UBYTE', possible loss of data
5>D:\hgh\devel\repos\github\hghpublic\andi75-gltron\libmikmod\playercode\mplayer.c(1117,8): warning C4244: '=': conversion from 'UWORD' to 'UBYTE', possible loss of data
5>D:\hgh\devel\repos\github\hghpublic\andi75-gltron\libmikmod\playercode\mplayer.c(1148,12): warning C4244: '=': conversion from 'UWORD' to 'UBYTE', possible loss of data
2>SDL_blit_auto.c
5>D:\hgh\devel\repos\github\hghpublic\andi75-gltron\libmikmod\playercode\mplayer.c(1950,19): warning C4244: '=': conversion from 'SLONG' to 'SWORD', possible loss of data
5>D:\hgh\devel\repos\github\hghpublic\andi75-gltron\libmikmod\playercode\mplayer.c(2012,35): warning C4018: '>': signed/unsigned mismatch
5>D:\hgh\devel\repos\github\hghpublic\andi75-gltron\libmikmod\playercode\mplayer.c(2099,33): warning C4018: '>': signed/unsigned mismatch
5>D:\hgh\devel\repos\github\hghpublic\andi75-gltron\libmikmod\playercode\mplayer.c(2347,24): warning C4244: 'function': conversion from 'SWORD' to 'SBYTE', possible loss of data
5>D:\hgh\devel\repos\github\hghpublic\andi75-gltron\libmikmod\playercode\mplayer.c(2402,29): warning C4244: 'function': conversion from 'SWORD' to 'SBYTE', possible loss of data
5>D:\hgh\devel\repos\github\hghpublic\andi75-gltron\libmikmod\playercode\mplayer.c(2404,29): warning C4244: 'function': conversion from 'SWORD' to 'SBYTE', possible loss of data
5>D:\hgh\devel\repos\github\hghpublic\andi75-gltron\libmikmod\playercode\mplayer.c(2404,37): warning C4244: 'function': conversion from 'ULONG' to 'UWORD', possible loss of data
5>D:\hgh\devel\repos\github\hghpublic\andi75-gltron\libmikmod\playercode\mplayer.c(2411,30): warning C4244: 'function': conversion from 'SWORD' to 'SBYTE', possible loss of data
5>D:\hgh\devel\repos\github\hghpublic\andi75-gltron\libmikmod\playercode\mplayer.c(2414,31): warning C4244: 'function': conversion from 'SWORD' to 'SBYTE', possible loss of data
12>material.c
5>D:\hgh\devel\repos\github\hghpublic\andi75-gltron\libmikmod\playercode\mplayer.c(2417,31): warning C4244: 'function': conversion from 'SWORD' to 'SBYTE', possible loss of data
5>D:\hgh\devel\repos\github\hghpublic\andi75-gltron\libmikmod\playercode\mplayer.c(2448,24): warning C4244: '-=': conversion from 'SLONG' to 'UWORD', possible loss of data
5>D:\hgh\devel\repos\github\hghpublic\andi75-gltron\libmikmod\playercode\mplayer.c(2467,23): warning C4244: '-=': conversion from 'SLONG' to 'UWORD', possible loss of data
5>D:\hgh\devel\repos\github\hghpublic\andi75-gltron\libmikmod\playercode\mplayer.c(2495,16): warning C4244: '+=': conversion from 'long' to 'UWORD', possible loss of data
5>D:\hgh\devel\repos\github\hghpublic\andi75-gltron\libmikmod\playercode\mplayer.c(2499,24): warning C4244: 'function': conversion from 'SWORD' to 'SBYTE', possible loss of data
5>D:\hgh\devel\repos\github\hghpublic\andi75-gltron\libmikmod\playercode\mplayer.c(2504,32): warning C4244: 'function': conversion from 'SWORD' to 'SBYTE', possible loss of data
5>D:\hgh\devel\repos\github\hghpublic\andi75-gltron\libmikmod\playercode\mplayer.c(2636,39): warning C4244: '=': conversion from 'SLONG' to 'SWORD', possible loss of data
12>D:\hgh\devel\repos\github\hghpublic\andi75-gltron\GLtron\lib3ds\material.c(717,31): warning C4267: '=': conversion from 'size_t' to 'Lib3dsDword', possible loss of data
12>D:\hgh\devel\repos\github\hghpublic\andi75-gltron\GLtron\lib3ds\material.c(851,36): warning C4267: '=': conversion from 'size_t' to 'Lib3dsDword', possible loss of data
3>libvorbis_static.vcxproj -> D:\hgh\devel\repos\github\hghpublic\andi75-gltron\x64\Debug\libvorbis_static.lib
5>D:\hgh\devel\repos\github\hghpublic\andi75-gltron\libmikmod\playercode\mplayer.c(2646,32): warning C4244: '+=': conversion from 'SLONG' to 'SWORD', possible loss of data
5>D:\hgh\devel\repos\github\hghpublic\andi75-gltron\libmikmod\playercode\mplayer.c(2816,38): warning C4244: '=': conversion from 'SWORD' to 'UBYTE', possible loss of data
5>D:\hgh\devel\repos\github\hghpublic\andi75-gltron\libmikmod\playercode\mplayer.c(3037,20): warning C4244: '=': conversion from 'SWORD' to 'UBYTE', possible loss of data
5>D:\hgh\devel\repos\github\hghpublic\andi75-gltron\libmikmod\playercode\mplayer.c(3283,11): warning C4018: '>=': signed/unsigned mismatch
5>D:\hgh\devel\repos\github\hghpublic\andi75-gltron\libmikmod\playercode\mplayer.c(3283,24): warning C4018: '<=': signed/unsigned mismatch
5>mlutil.c
12>matrix.c
3>Done building project "libvorbis_static.vcxproj".
2>SDL_blit_copy.c
13>------ Rebuild All started: Project: libvorbisfile, Configuration: Debug x64 ------
12>mesh.c
12>D:\hgh\devel\repos\github\hghpublic\andi75-gltron\GLtron\lib3ds\mesh.c(763,55): warning C4267: '=': conversion from 'size_t' to 'Lib3dsDword', possible loss of data
12>node.c
5>D:\hgh\devel\repos\github\hghpublic\andi75-gltron\libmikmod\playercode\mlutil.c(97,66): warning C4018: '<': signed/unsigned mismatch
5>D:\hgh\devel\repos\github\hghpublic\andi75-gltron\libmikmod\playercode\mlutil.c(104,22): warning C4018: '>': signed/unsigned mismatch
5>D:\hgh\devel\repos\github\hghpublic\andi75-gltron\libmikmod\playercode\mlutil.c(108,23): warning C4018: '<': signed/unsigned mismatch
5>D:\hgh\devel\repos\github\hghpublic\andi75-gltron\libmikmod\playercode\mlutil.c(131,18): warning C4244: '=': conversion from 'UWORD' to 'UBYTE', possible loss of data
5>D:\hgh\devel\repos\github\hghpublic\andi75-gltron\libmikmod\playercode\mlutil.c(303,15): warning C4244: 'function': conversion from 'UWORD' to 'UBYTE', possible loss of data
5>D:\hgh\devel\repos\github\hghpublic\andi75-gltron\libmikmod\playercode\mlutil.c(307,16): warning C4244: 'function': conversion from 'UWORD' to 'UBYTE', possible loss of data
5>D:\hgh\devel\repos\github\hghpublic\andi75-gltron\libmikmod\playercode\mlutil.c(326,16): warning C4244: 'function': conversion from 'UWORD' to 'UBYTE', possible loss of data
5>mlreg.c
10>pngpread.c
6>load_dmf.cpp
2>SDL_blit_N.c
12>D:\hgh\devel\repos\github\hghpublic\andi75-gltron\GLtron\lib3ds\node.c(713,40): warning C4267: '=': conversion from 'size_t' to 'Lib3dsDword', possible loss of data
12>D:\hgh\devel\repos\github\hghpublic\andi75-gltron\GLtron\lib3ds\node.c(752,21): warning C4267: '=': conversion from 'size_t' to 'Lib3dsDword', possible loss of data
4>fixed_intrin_ssse3.c
12>quat.c
11>D:\hgh\devel\repos\github\hghpublic\andi75-gltron\GLtron\lua5\lib\loadlib.c(100,15): warning C4133: 'function': incompatible types - from 'char [128]' to 'LPWSTR'
11>D:\hgh\devel\repos\github\hghpublic\andi75-gltron\GLtron\lua5\lib\loadlib.c(110,28): warning C4133: 'function': incompatible types - from 'const char *' to 'LPCWSTR'
11>lstrlib.c
12>shadow.c
2>SDL_blit_slow.c
11>D:\hgh\devel\repos\github\hghpublic\andi75-gltron\GLtron\lua5\lib\lstrlib.c(333,26): warning C4244: '=': conversion from '__int64' to 'sint32', possible loss of data
11>D:\hgh\devel\repos\github\hghpublic\andi75-gltron\GLtron\lua5\lib\lstrlib.c(450,9): warning C4068: unknown pragma 'GCC'
11>D:\hgh\devel\repos\github\hghpublic\andi75-gltron\GLtron\lua5\lib\lstrlib.c(531,23): warning C4244: 'initializing': conversion from '__int64' to 'int', possible loss of data
11>ltablib.c
12>tcb.c
12>tracks.c
5>mloader.c
13>cl : command line  warning D9035: option 'Gm' has been deprecated and will be removed in a future release
11>llex.c
12>D:\hgh\devel\repos\github\hghpublic\andi75-gltron\GLtron\lib3ds\tracks.c(209,9): warning C4068: unknown pragma 'GCC'
13>vorbisfile.c
11>lmem.c
2>SDL_bmp.c
12>vector.c
13>D:\hgh\devel\repos\github\hghpublic\andi75-gltron\libvorbis\lib\vorbisfile.c(72,30): warning C4267: 'initializing': conversion from 'size_t' to 'long', possible loss of data
13>D:\hgh\devel\repos\github\hghpublic\andi75-gltron\libvorbis\lib\vorbisfile.c(259,30): warning C4244: 'function': conversion from 'ogg_int64_t' to 'long', possible loss of data
13>D:\hgh\devel\repos\github\hghpublic\andi75-gltron\libvorbis\lib\vorbisfile.c(273,15): warning C4244: '=': conversion from 'ogg_int64_t' to 'int', possible loss of data
11>lobject.c
12>viewport.c
13>D:\hgh\devel\repos\github\hghpublic\andi75-gltron\libvorbis\lib\vorbisfile.c(545,21): warning C4244: 'return': conversion from 'ogg_int64_t' to 'int', possible loss of data
13>D:\hgh\devel\repos\github\hghpublic\andi75-gltron\libvorbis\lib\vorbisfile.c(566,19): warning C4244: 'return': conversion from 'ogg_int64_t' to 'int', possible loss of data
13>D:\hgh\devel\repos\github\hghpublic\andi75-gltron\libvorbis\lib\vorbisfile.c(569,19): warning C4244: 'return': conversion from 'ogg_int64_t' to 'int', possible loss of data
13>D:\hgh\devel\repos\github\hghpublic\andi75-gltron\libvorbis\lib\vorbisfile.c(579,19): warning C4244: 'return': conversion from 'ogg_int64_t' to 'int', possible loss of data
13>D:\hgh\devel\repos\github\hghpublic\andi75-gltron\libvorbis\lib\vorbisfile.c(641,19): warning C4244: 'return': conversion from 'ogg_int64_t' to 'int', possible loss of data
13>D:\hgh\devel\repos\github\hghpublic\andi75-gltron\libvorbis\lib\vorbisfile.c(874,18): warning C4244: 'function': conversion from 'ogg_int64_t' to 'long', possible loss of data
13>D:\hgh\devel\repos\github\hghpublic\andi75-gltron\libvorbis\lib\vorbisfile.c(1118,14): warning C4244: '=': conversion from 'double' to 'float', possible loss of data
13>D:\hgh\devel\repos\github\hghpublic\andi75-gltron\libvorbis\lib\vorbisfile.c(1119,11): warning C4244: 'return': conversion from 'double' to 'long', possible loss of data
13>D:\hgh\devel\repos\github\hghpublic\andi75-gltron\libvorbis\lib\vorbisfile.c(1123,13): warning C4244: 'return': conversion from 'double' to 'long', possible loss of data
13>D:\hgh\devel\repos\github\hghpublic\andi75-gltron\libvorbis\lib\vorbisfile.c(1151,51): warning C4244: '=': conversion from 'double' to 'long', possible loss of data
13>D:\hgh\devel\repos\github\hghpublic\andi75-gltron\libvorbis\lib\vorbisfile.c(1764,33): warning C4244: '=': conversion from 'ogg_int64_t' to 'long', possible loss of data
13>D:\hgh\devel\repos\github\hghpublic\andi75-gltron\libvorbis\lib\vorbisfile.c(1801,33): warning C4244: 'initializing': conversion from 'double' to 'ogg_int64_t', possible loss of data
13>D:\hgh\devel\repos\github\hghpublic\andi75-gltron\libvorbis\lib\vorbisfile.c(1831,33): warning C4244: 'initializing': conversion from 'double' to 'ogg_int64_t', possible loss of data
13>D:\hgh\devel\repos\github\hghpublic\andi75-gltron\libvorbis\lib\vorbisfile.c(2167,18): warning C4244: 'initializing': conversion from 'double' to 'float', possible loss of data
2>SDL_clipboard.c
11>D:\hgh\devel\repos\github\hghpublic\andi75-gltron\GLtron\lua5\lobject.c(148,9): warning C4068: unknown pragma 'GCC'
11>D:\hgh\devel\repos\github\hghpublic\andi75-gltron\GLtron\lua5\lobject.c(150,40): warning C4244: 'function': conversion from '__int64' to 'int', possible loss of data
11>D:\hgh\devel\repos\github\hghpublic\andi75-gltron\GLtron\lua5\lobject.c(176,11): warning C4267: '=': conversion from 'size_t' to 'int', possible loss of data
11>D:\hgh\devel\repos\github\hghpublic\andi75-gltron\GLtron\lua5\lobject.c(185,17): warning C4267: 'initializing': conversion from 'size_t' to 'int', possible loss of data
11>lopcodes.c
6>D:\hgh\devel\repos\github\hghpublic\andi75-gltron\libmodplug\src\load_dmf.cpp(605,19): warning C4244: 'return': conversion from '__int64' to 'int', possible loss of data
12>Generating Code...
2>SDL_clipboardevents.c
11>lparser.c
10>pngread.c
6>load_dsm.cpp
11>Generating Code...
5>D:\hgh\devel\repos\github\hghpublic\andi75-gltron\libmikmod\playercode\mloader.c(75,32): warning C4267: '+=': conversion from 'size_t' to 'int', possible loss of data
2>SDL_cpuinfo.c
4>float.c
5>mdriver.c
13>libvorbisfile_static.vcxproj -> D:\hgh\devel\repos\github\hghpublic\andi75-gltron\x64\Debug\libvorbisfile_static.lib
11>Compiling...
13>Done building project "libvorbisfile_static.vcxproj".
11>lstate.c
11>lstring.c
5>D:\hgh\devel\repos\github\hghpublic\andi75-gltron\libmikmod\playercode\mdriver.c(249,10): warning C4996: 'stricmp': The POSIX name for this item is deprecated. Instead, use the ISO C and C++ conformant name: _stricmp. See online help for details.
2>SDL_d3dmath.c
11>D:\hgh\devel\repos\github\hghpublic\andi75-gltron\GLtron\lua5\lstring.c(92,7): warning C4267: 'function': conversion from 'size_t' to 'lu_mem', possible loss of data
11>ltable.c
2>Generating Code...
5>D:\hgh\devel\repos\github\hghpublic\andi75-gltron\libmikmod\playercode\mdriver.c(335,37): warning C4244: 'function': conversion from 'unsigned long' to 'UWORD', possible loss of data
5>mdreg.c
11>D:\hgh\devel\repos\github\hghpublic\andi75-gltron\GLtron\lua5\ltable.c(108,14): warning C4311: 'type cast': pointer truncation from 'void *const ' to 'lu_hash'
11>D:\hgh\devel\repos\github\hghpublic\andi75-gltron\GLtron\lua5\ltable.c(110,14): warning C4311: 'type cast': pointer truncation from 'GCObject *const ' to 'lu_hash'
11>ltests.c
6>load_far.cpp
11>ltm.c
12>lib3ds.vcxproj -> D:\hgh\devel\repos\github\hghpublic\andi75-gltron\x64\Debug\lib3ds.lib
11>lundump.c
12>Done building project "lib3ds.vcxproj".
10>pngrio.c
4>format.c
11>D:\hgh\devel\repos\github\hghpublic\andi75-gltron\GLtron\lua5\lundump.c(41,9): warning C4068: unknown pragma 'GCC'
11>D:\hgh\devel\repos\github\hghpublic\andi75-gltron\GLtron\lua5\lundump.c(45,8): warning C4267: 'initializing': conversion from 'size_t' to 'int', possible loss of data
11>D:\hgh\devel\repos\github\hghpublic\andi75-gltron\GLtron\lua5\lundump.c(58,14): warning C4267: 'function': conversion from 'size_t' to 'int', possible loss of data
11>D:\hgh\devel\repos\github\hghpublic\andi75-gltron\GLtron\lua5\lundump.c(54,9): warning C4267: 'initializing': conversion from 'size_t' to 'int', possible loss of data
11>D:\hgh\devel\repos\github\hghpublic\andi75-gltron\GLtron\lua5\lundump.c(75,15): warning C4267: 'function': conversion from 'size_t' to 'int', possible loss of data
11>D:\hgh\devel\repos\github\hghpublic\andi75-gltron\GLtron\lua5\lundump.c(69,10): warning C4267: 'initializing': conversion from 'size_t' to 'int', possible loss of data
11>D:\hgh\devel\repos\github\hghpublic\andi75-gltron\GLtron\lua5\lundump.c(108,14): warning C4267: 'function': conversion from 'size_t' to 'int', possible loss of data
11>lvm.c
5>mmio.c
11>D:\hgh\devel\repos\github\hghpublic\andi75-gltron\GLtron\lua5\lvm.c(329,36): warning C4267: '+=': conversion from 'size_t' to 'lu_mem', possible loss of data
11>D:\hgh\devel\repos\github\hghpublic\andi75-gltron\GLtron\lua5\lvm.c(338,15): warning C4267: '+=': conversion from 'size_t' to 'lu_mem', possible loss of data
11>D:\hgh\devel\repos\github\hghpublic\andi75-gltron\GLtron\lua5\lvm.c(746,9): warning C4068: unknown pragma 'GCC'
11>D:\hgh\devel\repos\github\hghpublic\andi75-gltron\GLtron\lua5\lvm.c(748,29): warning C4244: '=': conversion from '__int64' to 'int', possible loss of data
11>lzio.c
11>Generating Code...
2>Compiling...
2>SDL_dinputhaptic.c
6>load_it.cpp
5>mmerror.c
11>lua5.vcxproj -> D:\hgh\devel\repos\github\hghpublic\andi75-gltron\x64\Debug\lua5.lib
11>Done building project "lua5.vcxproj".
10>pngrtran.c
4>D:\hgh\devel\repos\github\hghpublic\andi75-gltron\flac\src\libFLAC\format.c(576,81): warning C4334: '<<': result of 32-bit shift implicitly converted to 64 bits (was 64-bit shift intended?)
4>D:\hgh\devel\repos\github\hghpublic\andi75-gltron\flac\src\libFLAC\format.c(578,77): warning C4334: '<<': result of 32-bit shift implicitly converted to 64 bits (was 64-bit shift intended?)
4>D:\hgh\devel\repos\github\hghpublic\andi75-gltron\flac\src\libFLAC\format.c(580,51): warning C4334: '<<': result of 32-bit shift implicitly converted to 64 bits (was 64-bit shift intended?)
4>lpc.c
5>mmalloc.c
2>SDL_dinputjoystick.c
6>D:\hgh\devel\repos\github\hghpublic\andi75-gltron\libmodplug\src\load_it.cpp(693,48): warning C4267: '=': conversion from 'size_t' to 'WORD', possible loss of data
6>D:\hgh\devel\repos\github\hghpublic\andi75-gltron\libmodplug\src\load_it.cpp(771,39): warning C4267: '+=': conversion from 'size_t' to 'DWORD', possible loss of data
6>load_j2b.cpp
5>load_xm.c
10>pngrutil.c
2>SDL_directsound.c
4>lpc_intrin_sse.c
4>lpc_intrin_sse2.c
4>lpc_intrin_sse41.c
5>D:\hgh\devel\repos\github\hghpublic\andi75-gltron\libmikmod\loaders\load_xm.c(337,14): warning C4018: '<': signed/unsigned mismatch
5>D:\hgh\devel\repos\github\hghpublic\andi75-gltron\libmikmod\loaders\load_xm.c(709,19): warning C4244: '=': conversion from 'UWORD' to 'UBYTE', possible loss of data
5>D:\hgh\devel\repos\github\hghpublic\andi75-gltron\libmikmod\loaders\load_xm.c(726,19): warning C4244: '=': conversion from 'UWORD' to 'UBYTE', possible loss of data
5>load_uni.c
4>md5.c
6>load_mdl.cpp
2>SDL_diskaudio.c
5>load_umx.c
2>SDL_drawline.c
10>pngset.c
2>SDL_drawpoint.c
2>SDL_dropevents.c
4>memory.c
6>load_med.cpp
2>SDL_dummyaudio.c
5>D:\hgh\devel\repos\github\hghpublic\andi75-gltron\libmikmod\loaders\load_umx.c(272,8): warning C4996: 'stricmp': The POSIX name for this item is deprecated. Instead, use the ISO C and C++ conformant name: _stricmp. See online help for details.
5>load_ult.c
2>SDL_dynapi.c
5>Generating Code...
10>pngtrans.c
2>SDL_egl.c
4>metadata_iterators.c
6>load_mid.cpp
5>Compiling...
5>load_stx.c
2>SDL_error.c
2>SDL_events.c
5>D:\hgh\devel\repos\github\hghpublic\andi75-gltron\libmikmod\loaders\load_stx.c(349,18): warning C4244: '=': conversion from 'UWORD' to 'UBYTE', possible loss of data
5>load_stm.c
10>pngwio.c
4>D:\hgh\devel\repos\github\hghpublic\andi75-gltron\flac\src\libFLAC\metadata_iterators.c(579,25): warning C4244: 'return': conversion from 'const __int64' to 'off_t', possible loss of data
6>load_mod.cpp
2>SDL_fillrect.c
4>D:\hgh\devel\repos\github\hghpublic\andi75-gltron\flac\src\libFLAC\metadata_iterators.c(1112,33): warning C4244: '+=': conversion from 'const __int64' to 'unsigned int', possible loss of data
4>D:\hgh\devel\repos\github\hghpublic\andi75-gltron\flac\src\libFLAC\metadata_iterators.c(1124,44): warning C4244: '=': conversion from '__int64' to 'unsigned int', possible loss of data
4>D:\hgh\devel\repos\github\hghpublic\andi75-gltron\flac\src\libFLAC\metadata_iterators.c(1147,35): warning C4244: '-=': conversion from 'const __int64' to 'unsigned int', possible loss of data
4>metadata_object.c
5>D:\hgh\devel\repos\github\hghpublic\andi75-gltron\libmikmod\loaders\load_stm.c(236,12): warning C4018: '<': signed/unsigned mismatch
2>SDL_gamecontroller.c
5>load_s3m.c
2>SDL_gesture.c
2>SDL_getenv.c
5>load_okt.c
10>pngwrite.c
2>SDL_haptic.c
6>load_mt2.cpp
2>SDL_hints.c
2>SDL_iconv.c
4>ogg_decoder_aspect.c
2>SDL_joystick.c
4>Generating Code...
5>D:\hgh\devel\repos\github\hghpublic\andi75-gltron\libmikmod\loaders\load_okt.c(221,18): warning C4244: '=': conversion from 'ULONG' to 'UWORD', possible loss of data
5>D:\hgh\devel\repos\github\hghpublic\andi75-gltron\libmikmod\loaders\load_okt.c(222,30): warning C4018: '>': signed/unsigned mismatch
5>D:\hgh\devel\repos\github\hghpublic\andi75-gltron\libmikmod\loaders\load_okt.c(223,23): warning C4244: '=': conversion from 'ULONG' to 'UWORD', possible loss of data
5>load_mtm.c
2>Generating Code...
4>Compiling...
4>ogg_encoder_aspect.c
2>Compiling...
2>SDL_keyboard.c
4>ogg_helper.c
2>SDL_log.c
5>load_mod.c
6>load_mtm.cpp
10>pngwtran.c
2>SDL_malloc.c
5>D:\hgh\devel\repos\github\hghpublic\andi75-gltron\libmikmod\loaders\load_mod.c(351,18): warning C4018: '<': signed/unsigned mismatch
5>load_med.c
2>SDL_mixer.c
4>ogg_mapping.c
6>load_okt.cpp
2>SDL_mmjoystick.c
4>stream_decoder.c
10>pngwutil.c
5>D:\hgh\devel\repos\github\hghpublic\andi75-gltron\libmikmod\loaders\load_med.c(255,23): warning C4244: 'function': conversion from 'UWORD' to 'UBYTE', possible loss of data
5>D:\hgh\devel\repos\github\hghpublic\andi75-gltron\libmikmod\loaders\load_med.c(344,16): warning C4244: '=': conversion from 'UWORD' to 'UBYTE', possible loss of data
2>SDL_mouse.c
5>D:\hgh\devel\repos\github\hghpublic\andi75-gltron\libmikmod\loaders\load_med.c(392,16): warning C4244: '=': conversion from 'UWORD' to 'UBYTE', possible loss of data
5>D:\hgh\devel\repos\github\hghpublic\andi75-gltron\libmikmod\loaders\load_med.c(575,22): warning C4244: '=': conversion from 'ULONG' to 'CHAR', possible loss of data
5>D:\hgh\devel\repos\github\hghpublic\andi75-gltron\libmikmod\loaders\load_med.c(589,32): warning C4244: 'function': conversion from 'ULONG' to 'UWORD', possible loss of data
5>D:\hgh\devel\repos\github\hghpublic\andi75-gltron\libmikmod\loaders\load_med.c(595,17): warning C4244: 'function': conversion from 'ULONG' to 'UWORD', possible loss of data
5>D:\hgh\devel\repos\github\hghpublic\andi75-gltron\libmikmod\loaders\load_med.c(701,27): warning C4244: 'function': conversion from 'ULONG' to 'UWORD', possible loss of data
5>load_m15.c
2>SDL_nullevents.c
2>SDL_nullframebuffer.c
2>SDL_nullvideo.c
2>SDL_pixels.c
5>D:\hgh\devel\repos\github\hghpublic\andi75-gltron\libmikmod\loaders\load_m15.c(153,11): warning C4018: '<': signed/unsigned mismatch
2>SDL_power.c
2>SDL_qsort.c
6>load_pat.cpp
5>load_it.c
2>SDL_quit.c
10>Generating Code...
2>SDL_rect.c
2>SDL_render.c
4>stream_encoder.c
5>D:\hgh\devel\repos\github\hghpublic\andi75-gltron\libmikmod\loaders\load_it.c(434,27): warning C4244: '=': conversion from 'UWORD' to 'UBYTE', possible loss of data
2>SDL_render_d3d.c
5>load_imf.c
5>load_gt2.c
6>D:\hgh\devel\repos\github\hghpublic\andi75-gltron\libmodplug\src\load_pat.cpp(200,15): warning C4267: 'return': conversion from 'size_t' to 'int', possible loss of data
6>D:\hgh\devel\repos\github\hghpublic\andi75-gltron\libmodplug\src\load_pat.cpp(205,15): warning C4267: 'return': conversion from 'size_t' to 'int', possible loss of data
6>load_psm.cpp
2>SDL_render_d3d11.c
2>SDL_render_gl.c
4>D:\hgh\devel\repos\github\hghpublic\andi75-gltron\flac\src\libFLAC\stream_encoder.c(3912,123): warning C4334: '<<': result of 32-bit shift implicitly converted to 64 bits (was 64-bit shift intended?)
4>D:\hgh\devel\repos\github\hghpublic\andi75-gltron\flac\src\libFLAC\stream_encoder.c(3914,120): warning C4334: '<<': result of 32-bit shift implicitly converted to 64 bits (was 64-bit shift intended?)
5>load_gdm.c
4>stream_encoder_framing.c
4>stream_encoder_intrin_sse2.c
10>libpng.vcxproj -> D:\hgh\devel\repos\github\hghpublic\andi75-gltron\x64\Debug\libpng.lib
2>SDL_render_gles2.c
6>Generating Code...
5>load_far.c
2>SDL_render_sw.c
2>Generating Code...
5>load_dsm.c
2>Compiling...
4>stream_encoder_intrin_ssse3.c
2>SDL_RLEaccel.c
6>Compiling...
6>load_ptm.cpp
2>SDL_rotate.c
5>D:\hgh\devel\repos\github\hghpublic\andi75-gltron\libmikmod\loaders\load_dsm.c(271,14): warning C4244: '=': conversion from 'UWORD' to 'UBYTE', possible loss of data
5>load_asy.c
2>SDL_rwops.c
5>D:\hgh\devel\repos\github\hghpublic\andi75-gltron\libmikmod\loaders\load_asy.c(260,17): warning C4018: '<': signed/unsigned mismatch
5>load_amf.c
6>load_s3m.cpp
4>window.c
2>SDL_shaders_gl.c
5>D:\hgh\devel\repos\github\hghpublic\andi75-gltron\libmikmod\loaders\load_amf.c(543,16): warning C4018: '<': signed/unsigned mismatch
5>load_669.c
2>SDL_shaders_gles2.c
6>D:\hgh\devel\repos\github\hghpublic\andi75-gltron\libmodplug\src\load_s3m.cpp(312,52): warning C4244: '=': conversion from 'DWORD' to 'WORD', possible loss of data
2>SDL_shape.c
6>load_stm.cpp
5>drv_xaudio2.c
2>SDL_spinlock.c
4>Generating Code...
2>SDL_stdlib.c
5>drv_win.c
6>load_ult.cpp
2>SDL_stretch.c
2>SDL_string.c
2>SDL_surface.c
2>SDL_syscond.c
5>drv_wav.c
2>SDL_sysfilesystem.c
4>lpc_intrin_avx2.c
4>stream_encoder_intrin_avx2.c
6>load_umx.cpp
5>D:\hgh\devel\repos\github\hghpublic\andi75-gltron\libmikmod\drivers\drv_wav.c(122,19): warning C4996: 'unlink': The POSIX name for this item is deprecated. Instead, use the ISO C and C++ conformant name: _unlink. See online help for details.
5>D:\hgh\devel\repos\github\hghpublic\andi75-gltron\libmikmod\drivers\drv_wav.c(128,19): warning C4996: 'unlink': The POSIX name for this item is deprecated. Instead, use the ISO C and C++ conformant name: _unlink. See online help for details.
5>D:\hgh\devel\repos\github\hghpublic\andi75-gltron\libmikmod\drivers\drv_wav.c(137,19): warning C4996: 'unlink': The POSIX name for this item is deprecated. Instead, use the ISO C and C++ conformant name: _unlink. See online help for details.
5>Generating Code...
5>Compiling...
5>drv_stdout.c
2>SDL_sysloadso.c
6>load_wav.cpp
2>SDL_sysmutex.c
4>Generating Code...
5>drv_sdl.c
2>SDL_syspower.c
4>libFLAC_static.vcxproj -> D:\hgh\devel\repos\github\hghpublic\andi75-gltron\objs\x64\Debug\lib\libFLAC_static.lib
5>drv_raw.c
4>Done building project "libFLAC_static.vcxproj".
6>load_xm.cpp
2>SDL_syssem.c
5>D:\hgh\devel\repos\github\hghpublic\andi75-gltron\libmikmod\drivers\drv_raw.c(107,3): warning C4996: 'close': The POSIX name for this item is deprecated. Instead, use the ISO C and C++ conformant name: _close. See online help for details.
5>D:\hgh\devel\repos\github\hghpublic\andi75-gltron\libmikmod\drivers\drv_raw.c(108,3): warning C4996: 'unlink': The POSIX name for this item is deprecated. Instead, use the ISO C and C++ conformant name: _unlink. See online help for details.
5>D:\hgh\devel\repos\github\hghpublic\andi75-gltron\libmikmod\drivers\drv_raw.c(114,3): warning C4996: 'close': The POSIX name for this item is deprecated. Instead, use the ISO C and C++ conformant name: _close. See online help for details.
5>D:\hgh\devel\repos\github\hghpublic\andi75-gltron\libmikmod\drivers\drv_raw.c(115,3): warning C4996: 'unlink': The POSIX name for this item is deprecated. Instead, use the ISO C and C++ conformant name: _unlink. See online help for details.
5>D:\hgh\devel\repos\github\hghpublic\andi75-gltron\libmikmod\drivers\drv_raw.c(126,3): warning C4996: 'close': The POSIX name for this item is deprecated. Instead, use the ISO C and C++ conformant name: _close. See online help for details.
5>D:\hgh\devel\repos\github\hghpublic\andi75-gltron\libmikmod\drivers\drv_raw.c(135,2): warning C4996: 'write': The POSIX name for this item is deprecated. Instead, use the ISO C and C++ conformant name: _write. See online help for details.
2>SDL_systhread.c
5>D:\hgh\devel\repos\github\hghpublic\andi75-gltron\libmikmod\drivers\drv_raw.c(140,2): warning C4996: 'close': The POSIX name for this item is deprecated. Instead, use the ISO C and C++ conformant name: _close. See online help for details.
5>drv_openal.c
6>D:\hgh\devel\repos\github\hghpublic\andi75-gltron\libmodplug\src\load_xm.cpp(841,13): warning C4267: '=': conversion from 'size_t' to 'DWORD', possible loss of data
5>drv_nos.c
2>SDL_systimer.c
6>mmcmp.cpp
2>SDL_systls.c
5>drv_ds.c
2>Generating Code...
6>modplug.cpp
2>Compiling...
2>SDL_thread.c
5>D:\hgh\devel\repos\github\hghpublic\andi75-gltron\libmikmod\drivers\drv_ds.c(97,35): warning C4018: '<': signed/unsigned mismatch
5>drv_aiff.c
2>SDL_timer.c
2>SDL_touch.c
6>sndfile.cpp
5>D:\hgh\devel\repos\github\hghpublic\andi75-gltron\libmikmod\drivers\drv_aiff.c(129,28): warning C4244: '=': conversion from 'ULONG' to 'char', possible loss of data
5>D:\hgh\devel\repos\github\hghpublic\andi75-gltron\libmikmod\drivers\drv_aiff.c(130,28): warning C4244: '=': conversion from 'ULONG' to 'char', possible loss of data
5>D:\hgh\devel\repos\github\hghpublic\andi75-gltron\libmikmod\drivers\drv_aiff.c(131,19): warning C4244: '=': conversion from 'ULONG' to 'char', possible loss of data
5>D:\hgh\devel\repos\github\hghpublic\andi75-gltron\libmikmod\drivers\drv_aiff.c(133,28): warning C4244: '=': conversion from 'ULONG' to 'char', possible loss of data
5>D:\hgh\devel\repos\github\hghpublic\andi75-gltron\libmikmod\drivers\drv_aiff.c(134,28): warning C4244: '=': conversion from 'ULONG' to 'char', possible loss of data
5>D:\hgh\devel\repos\github\hghpublic\andi75-gltron\libmikmod\drivers\drv_aiff.c(135,19): warning C4244: '=': conversion from 'ULONG' to 'char', possible loss of data
2>SDL_video.c
5>D:\hgh\devel\repos\github\hghpublic\andi75-gltron\libmikmod\drivers\drv_aiff.c(195,9): warning C4996: 'unlink': The POSIX name for this item is deprecated. Instead, use the ISO C and C++ conformant name: _unlink. See online help for details.
5>D:\hgh\devel\repos\github\hghpublic\andi75-gltron\libmikmod\drivers\drv_aiff.c(204,9): warning C4996: 'unlink': The POSIX name for this item is deprecated. Instead, use the ISO C and C++ conformant name: _unlink. See online help for details.
5>D:\hgh\devel\repos\github\hghpublic\andi75-gltron\libmikmod\drivers\drv_aiff.c(217,9): warning C4996: 'unlink': The POSIX name for this item is deprecated. Instead, use the ISO C and C++ conformant name: _unlink. See online help for details.
5>xpk.c
5>D:\hgh\devel\repos\github\hghpublic\andi75-gltron\libmikmod\depackers\xpk.c(90,18): warning C4244: 'return': conversion from 'unsigned long' to 'UWORD', possible loss of data
2>SDL_wave.c
5>s404.c
2>SDL_windowevents.c
2>SDL_windows.c
6>D:\hgh\devel\repos\github\hghpublic\andi75-gltron\libmodplug\src\sndfile.cpp(796,15): warning C4267: 'return': conversion from 'size_t' to 'UINT', possible loss of data
6>D:\hgh\devel\repos\github\hghpublic\andi75-gltron\libmodplug\src\sndfile.cpp(813,15): warning C4267: 'return': conversion from 'size_t' to 'UINT', possible loss of data
5>D:\hgh\devel\repos\github\hghpublic\andi75-gltron\libmikmod\depackers\s404.c(57,19): warning C4244: 'return': conversion from 'unsigned long' to 'UWORD', possible loss of data
5>D:\hgh\devel\repos\github\hghpublic\andi75-gltron\libmikmod\depackers\s404.c(154,16): warning C4244: '=': conversion from 'UWORD' to 'UBYTE', possible loss of data
5>D:\hgh\devel\repos\github\hghpublic\andi75-gltron\libmikmod\depackers\s404.c(179,18): warning C4244: '=': conversion from 'UWORD' to 'UBYTE', possible loss of data
6>sndmix.cpp
5>pp20.c
2>SDL_windowsclipboard.c
5>D:\hgh\devel\repos\github\hghpublic\andi75-gltron\libmikmod\depackers\pp20.c(107,44): warning C4244: '=': conversion from 'ULONG' to 'UBYTE', possible loss of data
5>D:\hgh\devel\repos\github\hghpublic\andi75-gltron\libmikmod\depackers\pp20.c(120,7): warning C4244: '=': conversion from 'ULONG' to 'UBYTE', possible loss of data
5>D:\hgh\devel\repos\github\hghpublic\andi75-gltron\libmikmod\depackers\pp20.c(124,7): warning C4244: '=': conversion from 'ULONG' to 'UBYTE', possible loss of data
5>D:\hgh\devel\repos\github\hghpublic\andi75-gltron\libmikmod\depackers\pp20.c(127,39): warning C4244: '=': conversion from 'ULONG' to 'UBYTE', possible loss of data
5>mmcmp.c
6>snd_dsp.cpp
5>Generating Code...
2>SDL_windowsevents.c
6>snd_flt.cpp
2>SDL_windowsframebuffer.c
6>D:\hgh\devel\repos\github\hghpublic\andi75-gltron\libmodplug\src\snd_flt.cpp(59,15): warning C4244: '=': conversion from 'double' to 'float', possible loss of data
6>D:\hgh\devel\repos\github\hghpublic\andi75-gltron\libmodplug\src\snd_flt.cpp(61,15): warning C4244: '=': conversion from 'double' to 'float', possible loss of data
6>D:\hgh\devel\repos\github\hghpublic\andi75-gltron\libmodplug\src\snd_flt.cpp(79,15): warning C4244: 'initializing': conversion from 'double' to 'float', possible loss of data
5>libmikmod.vcxproj -> D:\hgh\devel\repos\github\hghpublic\andi75-gltron\x64\Debug\libmikmod.lib
5>Done building project "libmikmod.vcxproj".
6>D:\hgh\devel\repos\github\hghpublic\andi75-gltron\libmodplug\src\snd_flt.cpp(83,10): warning C4244: 'initializing': conversion from 'double' to 'float', possible loss of data
6>snd_fx.cpp
2>SDL_windowshaptic.c
6>Generating Code...
2>SDL_windowsjoystick.c
2>SDL_windowskeyboard.c
6>libmodplug.vcxproj -> D:\hgh\devel\repos\github\hghpublic\andi75-gltron\x64\Debug\libmodplug.lib
6>Done building project "libmodplug.vcxproj".
14>------ Rebuild All started: Project: sdl_sound_static, Configuration: Debug x64 ------
2>D:\hgh\devel\repos\github\hghpublic\andi75-gltron\SDL2\src\video\windows\SDL_windowskeyboard.c(417,9): warning C4996: 'GetVersionExA': was declared deprecated
2>D:\hgh\devel\repos\github\hghpublic\andi75-gltron\SDL2\src\video\windows\SDL_windowskeyboard.c(508,67): warning C4312: 'type cast': conversion from 'unsigned int' to 'HKL' of greater size
2>D:\hgh\devel\repos\github\hghpublic\andi75-gltron\SDL2\src\video\windows\SDL_windowskeyboard.c(543,16): warning C4312: 'type cast': conversion from 'unsigned int' to 'HKL' of greater size
2>D:\hgh\devel\repos\github\hghpublic\andi75-gltron\SDL2\src\video\windows\SDL_windowskeyboard.c(544,19): warning C4312: 'type cast': conversion from 'unsigned int' to 'HKL' of greater size
2>D:\hgh\devel\repos\github\hghpublic\andi75-gltron\SDL2\src\video\windows\SDL_windowskeyboard.c(545,19): warning C4312: 'type cast': conversion from 'unsigned int' to 'HKL' of greater size
2>D:\hgh\devel\repos\github\hghpublic\andi75-gltron\SDL2\src\video\windows\SDL_windowskeyboard.c(546,19): warning C4312: 'type cast': conversion from 'unsigned int' to 'HKL' of greater size
2>D:\hgh\devel\repos\github\hghpublic\andi75-gltron\SDL2\src\video\windows\SDL_windowskeyboard.c(547,19): warning C4312: 'type cast': conversion from 'unsigned int' to 'HKL' of greater size
2>SDL_windowsmessagebox.c
14>audio_convert.c
14>aiff.c
14>D:\hgh\devel\repos\github\hghpublic\andi75-gltron\SDL_sound\decoders\aiff.c(308,14): warning C4267: '=': conversion from 'size_t' to 'Uint32', possible loss of data
14>D:\hgh\devel\repos\github\hghpublic\andi75-gltron\SDL_sound\decoders\aiff.c(341,14): warning C4244: 'initializing': conversion from 'Sint64' to 'int', possible loss of data
14>D:\hgh\devel\repos\github\hghpublic\andi75-gltron\SDL_sound\decoders\aiff.c(470,11): warning C4244: '=': conversion from 'Sint64' to 'long', possible loss of data
2>SDL_windowsmodes.c
14>D:\hgh\devel\repos\github\hghpublic\andi75-gltron\SDL_sound\decoders\aiff.c(525,35): warning C4244: '=': conversion from 'Sint64' to 'Uint32', possible loss of data
14>D:\hgh\devel\repos\github\hghpublic\andi75-gltron\SDL_sound\decoders\aiff.c(557,14): warning C4244: 'initializing': conversion from 'Sint64' to 'int', possible loss of data
14>au.c
14>D:\hgh\devel\repos\github\hghpublic\andi75-gltron\SDL_sound\decoders\au.c(256,25): warning C4244: '=': conversion from 'Sint64' to 'Uint32', possible loss of data
14>D:\hgh\devel\repos\github\hghpublic\andi75-gltron\SDL_sound\decoders\au.c(169,9): warning C4101: 'skip': unreferenced local variable
14>D:\hgh\devel\repos\github\hghpublic\andi75-gltron\SDL_sound\decoders\au.c(326,16): warning C4018: '>': signed/unsigned mismatch
14>D:\hgh\devel\repos\github\hghpublic\andi75-gltron\SDL_sound\decoders\au.c(328,11): warning C4267: '=': conversion from 'size_t' to 'int', possible loss of data
14>D:\hgh\devel\repos\github\hghpublic\andi75-gltron\SDL_sound\decoders\au.c(357,14): warning C4244: 'initializing': conversion from 'Sint64' to 'int', possible loss of data
14>D:\hgh\devel\repos\github\hghpublic\andi75-gltron\SDL_sound\decoders\au.c(376,10): warning C4244: '=': conversion from 'Sint64' to 'int', possible loss of data
14>flac.c
14>D:\hgh\devel\repos\github\hghpublic\andi75-gltron\SDL_sound\decoders\flac.c(195,14): warning C4267: '=': conversion from 'size_t' to 'Uint32', possible loss of data
14>D:\hgh\devel\repos\github\hghpublic\andi75-gltron\SDL_sound\decoders\flac.c(304,58): warning C4244: '=': conversion from 'const FLAC__uint64' to 'Sint32', possible loss of data
14>D:\hgh\devel\repos\github\hghpublic\andi75-gltron\SDL_sound\decoders\flac.c(354,11): warning C4244: '=': conversion from 'Sint64' to 'int', possible loss of data
14>D:\hgh\devel\repos\github\hghpublic\andi75-gltron\SDL_sound\decoders\flac.c(391,11): warning C4244: '=': conversion from 'Sint64' to 'int', possible loss of data
14>D:\hgh\devel\repos\github\hghpublic\andi75-gltron\SDL_sound\decoders\flac.c(393,25): warning C4018: '>=': signed/unsigned mismatch
14>D:\hgh\devel\repos\github\hghpublic\andi75-gltron\SDL_sound\decoders\flac.c(449,14): warning C4146: unary minus operator applied to unsigned type, result still unsigned
14>D:\hgh\devel\repos\github\hghpublic\andi75-gltron\SDL_sound\decoders\flac.c(449,14): warning C4244: '=': conversion from 'Sint64' to 'int', possible loss of data
14>D:\hgh\devel\repos\github\hghpublic\andi75-gltron\SDL_sound\decoders\flac.c(495,11): warning C4244: '=': conversion from 'Sint64' to 'Uint32', possible loss of data
14>D:\hgh\devel\repos\github\hghpublic\andi75-gltron\SDL_sound\decoders\flac.c(498,28): warning C4244: '=': conversion from 'Sint64' to 'Uint32', possible loss of data
14>D:\hgh\devel\repos\github\hghpublic\andi75-gltron\SDL_sound\decoders\flac.c(543,12): warning C4101: 'len': unreferenced local variable
14>compat.c
2>SDL_windowsmouse.c
14>dct64.c
14>dct64_i386.c
14>decode.c
14>D:\hgh\devel\repos\github\hghpublic\andi75-gltron\SDL_sound\decoders\libmpg123\decode.c(21,23): warning C4267: 'initializing': conversion from 'size_t' to 'int', possible loss of data
14>D:\hgh\devel\repos\github\hghpublic\andi75-gltron\SDL_sound\decoders\libmpg123\decode.c(50,23): warning C4267: 'initializing': conversion from 'size_t' to 'int', possible loss of data
14>D:\hgh\devel\repos\github\hghpublic\andi75-gltron\SDL_sound\decoders\libmpg123\decode.c(78,23): warning C4267: 'initializing': conversion from 'size_t' to 'int', possible loss of data
14>D:\hgh\devel\repos\github\hghpublic\andi75-gltron\SDL_sound\decoders\libmpg123\decode.c(108,23): warning C4267: 'initializing': conversion from 'size_t' to 'int', possible loss of data
14>D:\hgh\devel\repos\github\hghpublic\andi75-gltron\SDL_sound\decoders\libmpg123\decode.c(201,7): warning C4244: '=': conversion from 'double' to 'short', possible loss of data
14>D:\hgh\devel\repos\github\hghpublic\andi75-gltron\SDL_sound\decoders\libmpg123\decode.c(214,7): warning C4244: '=': conversion from 'double' to 'short', possible loss of data
14>D:\hgh\devel\repos\github\hghpublic\andi75-gltron\SDL_sound\decoders\libmpg123\decode.c(239,7): warning C4244: '=': conversion from 'double' to 'short', possible loss of data
14>decode_2to1.c
14>D:\hgh\devel\repos\github\hghpublic\andi75-gltron\SDL_sound\decoders\libmpg123\decode_2to1.c(18,23): warning C4267: 'initializing': conversion from 'size_t' to 'int', possible loss of data
14>D:\hgh\devel\repos\github\hghpublic\andi75-gltron\SDL_sound\decoders\libmpg123\decode_2to1.c(46,23): warning C4267: 'initializing': conversion from 'size_t' to 'int', possible loss of data
14>D:\hgh\devel\repos\github\hghpublic\andi75-gltron\SDL_sound\decoders\libmpg123\decode_2to1.c(74,23): warning C4267: 'initializing': conversion from 'size_t' to 'int', possible loss of data
14>D:\hgh\devel\repos\github\hghpublic\andi75-gltron\SDL_sound\decoders\libmpg123\decode_2to1.c(103,23): warning C4267: 'initializing': conversion from 'size_t' to 'int', possible loss of data
14>D:\hgh\devel\repos\github\hghpublic\andi75-gltron\SDL_sound\decoders\libmpg123\decode_2to1.c(192,7): warning C4244: '=': conversion from 'double' to 'short', possible loss of data
14>D:\hgh\devel\repos\github\hghpublic\andi75-gltron\SDL_sound\decoders\libmpg123\decode_2to1.c(208,7): warning C4244: '=': conversion from 'double' to 'short', possible loss of data
14>D:\hgh\devel\repos\github\hghpublic\andi75-gltron\SDL_sound\decoders\libmpg123\decode_2to1.c(236,7): warning C4244: '=': conversion from 'double' to 'short', possible loss of data
14>decode_4to1.c
14>D:\hgh\devel\repos\github\hghpublic\andi75-gltron\SDL_sound\decoders\libmpg123\decode_4to1.c(21,23): warning C4267: 'initializing': conversion from 'size_t' to 'int', possible loss of data
14>D:\hgh\devel\repos\github\hghpublic\andi75-gltron\SDL_sound\decoders\libmpg123\decode_4to1.c(49,23): warning C4267: 'initializing': conversion from 'size_t' to 'int', possible loss of data
14>D:\hgh\devel\repos\github\hghpublic\andi75-gltron\SDL_sound\decoders\libmpg123\decode_4to1.c(77,23): warning C4267: 'initializing': conversion from 'size_t' to 'int', possible loss of data
14>D:\hgh\devel\repos\github\hghpublic\andi75-gltron\SDL_sound\decoders\libmpg123\decode_4to1.c(106,23): warning C4267: 'initializing': conversion from 'size_t' to 'int', possible loss of data
14>D:\hgh\devel\repos\github\hghpublic\andi75-gltron\SDL_sound\decoders\libmpg123\decode_4to1.c(195,7): warning C4244: '=': conversion from 'double' to 'short', possible loss of data
14>D:\hgh\devel\repos\github\hghpublic\andi75-gltron\SDL_sound\decoders\libmpg123\decode_4to1.c(213,7): warning C4244: '=': conversion from 'double' to 'short', possible loss of data
14>D:\hgh\devel\repos\github\hghpublic\andi75-gltron\SDL_sound\decoders\libmpg123\decode_4to1.c(243,7): warning C4244: '=': conversion from 'double' to 'short', possible loss of data
14>decode_i386.c
2>SDL_windowsopengl.c
14>D:\hgh\devel\repos\github\hghpublic\andi75-gltron\SDL_sound\decoders\libmpg123\decode_i386.c(23,23): warning C4267: 'initializing': conversion from 'size_t' to 'int', possible loss of data
14>D:\hgh\devel\repos\github\hghpublic\andi75-gltron\SDL_sound\decoders\libmpg123\decode_i386.c(47,23): warning C4267: 'initializing': conversion from 'size_t' to 'int', possible loss of data
14>D:\hgh\devel\repos\github\hghpublic\andi75-gltron\SDL_sound\decoders\libmpg123\decode_i386.c(70,23): warning C4267: 'initializing': conversion from 'size_t' to 'int', possible loss of data
14>D:\hgh\devel\repos\github\hghpublic\andi75-gltron\SDL_sound\decoders\libmpg123\decode_i386.c(94,23): warning C4267: 'initializing': conversion from 'size_t' to 'int', possible loss of data
14>decode_ntom.c
14>D:\hgh\devel\repos\github\hghpublic\andi75-gltron\SDL_sound\decoders\libmpg123\decode_ntom.c(148,23): warning C4267: 'initializing': conversion from 'size_t' to 'int', possible loss of data
14>D:\hgh\devel\repos\github\hghpublic\andi75-gltron\SDL_sound\decoders\libmpg123\decode_ntom.c(176,23): warning C4267: 'initializing': conversion from 'size_t' to 'int', possible loss of data
14>D:\hgh\devel\repos\github\hghpublic\andi75-gltron\SDL_sound\decoders\libmpg123\decode_ntom.c(203,23): warning C4267: 'initializing': conversion from 'size_t' to 'int', possible loss of data
14>D:\hgh\devel\repos\github\hghpublic\andi75-gltron\SDL_sound\decoders\libmpg123\decode_ntom.c(232,23): warning C4267: 'initializing': conversion from 'size_t' to 'int', possible loss of data
14>D:\hgh\devel\repos\github\hghpublic\andi75-gltron\SDL_sound\decoders\libmpg123\decode_ntom.c(254,24): warning C4267: 'initializing': conversion from 'size_t' to 'int', possible loss of data
14>D:\hgh\devel\repos\github\hghpublic\andi75-gltron\SDL_sound\decoders\libmpg123\decode_ntom.c(337,9): warning C4244: '=': conversion from 'double' to 'short', possible loss of data
14>D:\hgh\devel\repos\github\hghpublic\andi75-gltron\SDL_sound\decoders\libmpg123\decode_ntom.c(357,9): warning C4244: '=': conversion from 'double' to 'short', possible loss of data
14>D:\hgh\devel\repos\github\hghpublic\andi75-gltron\SDL_sound\decoders\libmpg123\decode_ntom.c(395,9): warning C4244: '=': conversion from 'double' to 'short', possible loss of data
14>equalizer.c
14>format.c
14>frame.c
14>D:\hgh\devel\repos\github\hghpublic\andi75-gltron\SDL_sound\decoders\libmpg123\frame.c(501,24): warning C4244: '=': conversion from 'double' to 'off_t', possible loss of data
14>D:\hgh\devel\repos\github\hghpublic\andi75-gltron\SDL_sound\decoders\libmpg123\frame.c(543,18): warning C4267: '=': conversion from 'size_t' to 'off_t', possible loss of data
14>D:\hgh\devel\repos\github\hghpublic\andi75-gltron\SDL_sound\decoders\libmpg123\frame.c(752,53): warning C4244: '=': conversion from 'double' to 'long', possible loss of data
14>D:\hgh\devel\repos\github\hghpublic\andi75-gltron\SDL_sound\decoders\libmpg123\frame.c(792,27): warning C4244: '=': conversion from 'double' to 'long', possible loss of data
14>D:\hgh\devel\repos\github\hghpublic\andi75-gltron\SDL_sound\decoders\libmpg123\frame.c(833,9): warning C4996: 'stricmp': The POSIX name for this item is deprecated. Instead, use the ISO C and C++ conformant name: _stricmp. See online help for details.
14>D:\hgh\devel\repos\github\hghpublic\andi75-gltron\SDL_sound\decoders\libmpg123\frame.c(838,22): warning C4996: 'stricmp': The POSIX name for this item is deprecated. Instead, use the ISO C and C++ conformant name: _stricmp. See online help for details.
